// Jest Snapshot v1, https://goo.gl/fbAQLP

exports[`Quote should render without crashing 1`] = `
<DocumentFragment>
  <div
    class="home"
  >
    <h1>
      Welcome to our page!
    </h1>
    <p>
      <span>
        A calculator is a device that performs arithmetic operations.
      </span>
    </p>
  </div>
</DocumentFragment>
`;
